Copyright 1986-2022 Xilinx, Inc. All Rights Reserved. Copyright 2022-2024 Advanced Micro Devices, Inc. All Rights Reserved.
---------------------------------------------------------------------------------------------------------------------------------------------------------------------------------
| Tool Version : Vivado v.2024.1 (win64) Build 5076996 Wed May 22 18:37:14 MDT 2024
| Date         : Wed Aug 12 14:22:33 2026
| Host         : HANYUL-GALAXYBOOK4-PRO running 64-bit major release  (build 9200)
| Command      : report_utilization -hierarchical -file {C:/Users/hanyu/Documents/CNN Accelerator/CNN_YOLO_AI_accelerator/reports/tile_conv_16_ooc/utilization_hierarchical.rpt}
| Design       : top_single_conv_tile_axi_16
| Device       : xc7z020clg400-1
| Speed File   : -1
| Design State : Routed
---------------------------------------------------------------------------------------------------------------------------------------------------------------------------------

Utilization Design Information

Table of Contents
-----------------
1. Utilization by Hierarchy

1. Utilization by Hierarchy
---------------------------

+---------------------------------+---------------------------+------------+------------+---------+------+-----+--------+--------+------------+
|             Instance            |           Module          | Total LUTs | Logic LUTs | LUTRAMs | SRLs | FFs | RAMB36 | RAMB18 | DSP Blocks |
+---------------------------------+---------------------------+------------+------------+---------+------+-----+--------+--------+------------+
| top_single_conv_tile_axi_16     |                     (top) |       1020 |        978 |      42 |    0 | 691 |      0 |      9 |          0 |
|   (top_single_conv_tile_axi_16) |                     (top) |          0 |          0 |       0 |    0 |   0 |      0 |      0 |          0 |
|   u_tile_axi_16                 |  top_single_conv_tile_axi |       1020 |        978 |      42 |    0 | 691 |      0 |      9 |          0 |
|     (u_tile_axi_16)             |  top_single_conv_tile_axi |         96 |         96 |       0 |    0 | 124 |      0 |      0 |          0 |
|     u_output_fifo               |          axis_output_fifo |         78 |         54 |      24 |    0 |  13 |      0 |      0 |          0 |
|     u_tile_core                 |      top_single_conv_tile |        850 |        832 |      18 |    0 | 554 |      0 |      9 |          0 |
|       (u_tile_core)             |      top_single_conv_tile |          2 |          2 |       0 |    0 |   0 |      0 |      0 |          0 |
|       u_bias_mem                |             conv_bias_mem |          2 |          2 |       0 |    0 |  64 |      0 |      0 |          0 |
|       u_controller              |      tile_conv_controller |         40 |         40 |       0 |    0 |  33 |      0 |      0 |          0 |
|       u_datapath                |             conv_datapath |        550 |        550 |       0 |    0 | 267 |      0 |      0 |          0 |
|         (u_datapath)            |             conv_datapath |          2 |          2 |       0 |    0 | 235 |      0 |      0 |          0 |
|         gen_acc_bank[0].u_acc   |                       acc |         72 |         72 |       0 |    0 |  32 |      0 |      0 |          0 |
|         gen_mlt_lane[0].u_mlt   |                       mlt |         42 |         42 |       0 |    0 |   0 |      0 |      0 |          0 |
|         gen_mlt_lane[1].u_mlt   |                     mlt_0 |         42 |         42 |       0 |    0 |   0 |      0 |      0 |          0 |
|         gen_mlt_lane[2].u_mlt   |                     mlt_1 |         42 |         42 |       0 |    0 |   0 |      0 |      0 |          0 |
|         gen_mlt_lane[3].u_mlt   |                     mlt_2 |         42 |         42 |       0 |    0 |   0 |      0 |      0 |          0 |
|         gen_mlt_lane[4].u_mlt   |                     mlt_3 |         42 |         42 |       0 |    0 |   0 |      0 |      0 |          0 |
|         gen_mlt_lane[5].u_mlt   |                     mlt_4 |         42 |         42 |       0 |    0 |   0 |      0 |      0 |          0 |
|         gen_mlt_lane[6].u_mlt   |                     mlt_5 |         42 |         42 |       0 |    0 |   0 |      0 |      0 |          0 |
|         gen_mlt_lane[7].u_mlt   |                     mlt_6 |         42 |         42 |       0 |    0 |   0 |      0 |      0 |          0 |
|         gen_mlt_lane[8].u_mlt   |                     mlt_7 |         42 |         42 |       0 |    0 |   0 |      0 |      0 |          0 |
|         u_at                    |                        at |         98 |         98 |       0 |    0 |   0 |      0 |      0 |          0 |
|       u_input_loader            |         tile_input_loader |         20 |         20 |       0 |    0 |  13 |      0 |      0 |          0 |
|       u_line_buffer             |     tile_line_buffer_3row |         47 |         29 |      18 |    0 |  52 |      0 |      0 |          0 |
|       u_weight_mem              |           conv_weight_mem |        200 |        200 |       0 |    0 |   0 |      0 |      9 |          0 |
|       u_window_generator        | tile_window_generator_3x3 |        117 |        117 |       0 |    0 | 125 |      0 |      0 |          0 |
+---------------------------------+---------------------------+------------+------------+---------+------+-----+--------+--------+------------+
* Note: The sum of lower-level cells may be larger than their parent cells total, due to cross-hierarchy LUT combining


